D:\credits_vfd\include/credits_animator.h:372:credits_private_credits_fail	0	static
D:\credits_vfd\include/credits_animator.h:381:credits_private_mem_resize	8	static
D:\credits_vfd\include/credits_animator.h:399:credits_private_mem_free	0	static
D:\credits_vfd\include/credits_animator.h:418:credits_private_random_seed	40	static
D:\credits_vfd\include/credits_animator.h:433:credits_private_random_u32	36	static
D:\credits_vfd\include/credits_animator.h:446:credits_private_random_bits	56	static
D:\credits_vfd\include/credits_animator.h:455:credits_private_random_scaled	56	static
D:\credits_vfd\include/credits_animator.h:477:credits_private_random_below	24	static
D:\credits_vfd\include/credits_animator.h:485:credits_private_random_int	24	static
D:\credits_vfd\include/credits_animator.h:495:scheduler_init	32	static
D:\credits_vfd\include/credits_animator.h:502:credits_private_scheduler_frame	40	static
D:\credits_vfd\include/credits_animator.h:513:credits_private_scheduler_start	40	static
D:\credits_vfd\include/credits_animator.h:524:credits_private_scheduler_remove	24	static
D:\credits_vfd\include/credits_animator.h:529:credits_private_scheduler_next	40	static
D:\credits_vfd\include/credits_animator.h:670:credits_private_scene_due	0	static
D:\credits_vfd\include/credits_animator.h:799:credits_private_corrupt_text	56	static
D:\credits_vfd\include/credits_animator.h:808:credits_private_data_init	64	static
D:\credits_vfd\include/credits_animator.h:839:credits_private_data_destroy	8	static
D:\credits_vfd\include/credits_animator.h:846:credits_private_data_readonly_size	32	static
D:\credits_vfd\include/credits_animator.h:1068:credits_private_credits_typer	0	static
D:\credits_vfd\include/credits_animator.h:1084:credits_private_credits_scratch	16	static
D:\credits_vfd\include/credits_animator.h:1145:credits_private_credits_init	24	static
D:\credits_vfd\include/credits_animator.h:2358:credits_private_canvas_init	8	static
D:\credits_vfd\include/credits_animator.h:1448:credits_private_weather_init	8	static
D:\credits_vfd\include/credits_animator.h:1139:credits_private_credits_native_scene_due	0	static
D:\credits_vfd\include/credits_animator.h:1370:credits_private_credits_create_generator	16	static
D:\credits_vfd\include/credits_animator.h:1134:credits_private_credits_no_clear	0	static
D:\credits_vfd\include/credits_animator.h:2544:credits_private_credits_request_generator	408	static
D:\credits_vfd\include/credits_animator.h:1118:credits_private_credits_timeline	120	static
D:\credits_vfd\include/credits_animator.h:1177:credits_private_credits_jump	0	static
D:\credits_vfd\include/credits_animator.h:1183:credits_private_credits_next	8	static
D:\credits_vfd\include/credits_animator.h:2359:credits_private_canvas_render	0	static
D:\credits_vfd\include/credits_animator.h:1187:credits_private_credits_destroy	16	static
D:\credits_vfd\include/credits_animator.h:2360:credits_private_canvas_destroy	0	static
D:\credits_vfd\include/credits_animator.h:1352:credits_private_credits_history_destroy	16	static
D:\credits_vfd\include/credits_animator.h:1211:credits_private_credits_type_characters	8	static
D:\credits_vfd\include/credits_animator.h:2611:credits_private_credits60_characters	136	static
D:\credits_vfd\include/credits_animator.h:1250:credits_private_credits_multiline	32	static
D:\credits_vfd\include/credits_animator.h:2345:credits_private_canvas_string	32	static
D:\credits_vfd\include/credits_animator.h:1293:credits_private_credits_type_words	64	static
D:\credits_vfd\include/credits_animator.h:2669:credits_private_credits60_words	112	static
D:\credits_vfd\include/credits_animator.h:1324:credits_private_credits_write_history	0	static
D:\credits_vfd\include/credits_animator.h:2683:credits_private_credits60_history	112	static
D:\credits_vfd\include/credits_animator.h:2357:credits_private_canvas_clear	0	static
D:\credits_vfd\include/credits_animator.h:1738:credits_private_credits_ocean_begin	72	static
D:\credits_vfd\include/credits_animator.h:2353:credits_private_canvas60_clear_region	24	static
D:\credits_vfd\include/credits_animator.h:1458:credits_private_weather_mutate	136	static
D:\credits_vfd\include/credits_animator.h:2262:credits_private_math_weather_target	0	static
D:\credits_vfd\include/credits_animator.h:1481:credits_private_credits_date	24	static
D:\credits_vfd\include/credits_animator.h:1515:credits_private_credits_weather	288	static
D:\credits_vfd\include/credits_animator.h:1497:credits_private_weather60_spaced	104	static
D:\credits_vfd\include/credits_animator.h:1577:credits_private_framebuffer_pixel	0	static
D:\credits_vfd\include/credits_animator.h:1581:credits_private_framebuffer_render	0	static
D:\credits_vfd\include/credits_animator.h:1585:credits_private_framebuffer_render_case	0	static
D:\credits_vfd\include/credits_animator.h:1595:credits_private_framebuffer_render_grid	80	static
D:\credits_vfd\include/credits_animator.h:1592:credits_private_framebuffer_render60	0	static
D:\credits_vfd\include/credits_animator.h:1634:credits_private_fixed_beat_deadline	24	static
D:\credits_vfd\include/credits_animator.h:1637:credits_private_fixed_time_ratio	16	static
D:\credits_vfd\include/credits_animator.h:1655:credits_private_fixed_player_init	40	static
D:\credits_vfd\include/credits_animator.h:1695:credits_private_fixed_player_step	24	static
D:\credits_vfd\include/credits_animator.h:1664:credits_private_player_fixed_step	32	static
D:\credits_vfd\include/credits_animator.h:1698:credits_private_fixed_player_sync	48	static
D:\credits_vfd\include/credits_animator.h:1730:credits_private_ocean60_column	24	static
D:\credits_vfd\include/credits_animator.h:1745:credits_private_credits_ocean_update	16	static
D:\credits_vfd\include/credits_animator.h:1751:credits_private_credits_ocean_render	48	static
D:\credits_vfd\include/credits_animator.h:2299:credits_private_canvas60_style	8	static
D:\credits_vfd\include/credits_animator.h:2326:credits_private_canvas60_put	0	static
D:\credits_vfd\include/credits_animator.h:2243:credits_private_math_sin_degrees	0	static
D:\credits_vfd\include/credits_animator.h:2267:credits_private_math_ocean_height	0	static
D:\credits_vfd\include/credits_animator.h:2271:credits_private_math_ocean_text	0	static
D:\credits_vfd\include/credits_animator.h:2275:credits_private_math_access_limit	0	static
D:\credits_vfd\include/credits_animator.h:2279:credits_private_math_noise_count	0	static
D:\credits_vfd\include/credits_animator.h:2283:credits_private_math_poweroff_height	0	static
D:\credits_vfd\include/credits_animator.h:2287:credits_private_math_lookup_bytes	0	static
D:\credits_vfd\include/credits_animator.h:2296:credits_private_cell_pack	0	static
D:\credits_vfd\include/credits_animator.h:2331:credits_private_canvas_chars	40	static
D:\credits_vfd\include/credits_animator.h:2335:credits_private_canvas_string_cursor	32	static
D:\credits_vfd\include/credits_animator.h:2348:credits_private_canvas_char	32	static
D:\credits_vfd\include/credits_animator.h:2361:credits_private_canvas60_flow	40	static
D:\credits_vfd\include/credits_animator.h:2365:credits_private_canvas60_newline	48	static
D:\credits_vfd\include/credits_animator.h:2375:credits_private_canvas60_line	72	static
D:\credits_vfd\include/credits_animator.h:2527:credits_private_scenes60_noise	120	static
D:\credits_vfd\include/credits_animator.h:2411:credits_private_scenes60_ui	32	static
D:\credits_vfd\include/credits_animator.h:2507:credits_private_scenes60_access_ping	112	static
D:\credits_vfd\include/credits_animator.h:2485:credits_private_scenes60_access_tile	24	static
D:\credits_vfd\include/credits_animator.h:2658:credits_private_text60_emit_words	32	static
D:\credits_vfd\include/credits_animator.h:2713:credits_time_from_counter	16	static
D:\credits_vfd\include/credits_animator.h:2716:credits_animator_init	32	static
D:\credits_vfd\include/credits_animator.h:2726:credits_animator_sync	56	static
D:\credits_vfd\include/credits_animator.h:2750:credits_animator_update	40	static
D:\credits_vfd\include/credits_animator.h:2760:credits_animator_frame	16	static
D:\credits_vfd\include/credits_animator.h:2765:credits_animator_stats	24	static
D:\credits_vfd\include/credits_animator.h:2771:credits_animator_set_uppercase	0	static
D:\credits_vfd\include/credits_animator.h:2776:credits_animator_destroy	16	static
